nohup: ignoring input

==================================================
🚀 Cafe POS, KDS & Inventory System Running!
🌐 Local Domain: http://mazaj.local:3000
📡 Local IP: http://192.168.1.31:3000
📱 Cashier POS UI: http://mazaj.local:3000/pos.html
🛠️ Menu Admin UI: http://mazaj.local:3000/admin-menu.html
🏃 Runner Pickup UI: http://mazaj.local:3000/runner.html
☕ Barista KDS UI: http://mazaj.local:3000/kds.html
💨 Shisha KDS UI: http://mazaj.local:3000/shisha.html
🍳 Kitchen KDS UI: http://mazaj.local:3000/kitchen.html
📦 Inventory UI: http://mazaj.local:3000/inventory.html
==================================================

✅ Connected to SQLite database: cafe.db
✅ Database tables initialized (orders, table_sessions, waste_log, inventory, recipes).
✅ Inventory items seeded/verified.
🔌 [WebSocket] Client connected from 127.0.0.1 (Total clients: 1)
🔌 [WebSocket] Client connected from 127.0.0.1 (Total clients: 2)
🔌 [WebSocket] Client connected from 127.0.0.1 (Total clients: 3)
🔌 [WebSocket] Client connected from 127.0.0.1 (Total clients: 4)
🔌 [WebSocket] Client connected from 127.0.0.1 (Total clients: 5)
🔐 [LOGIN SUCCESS] User: المالك (OWNER)
🔐 [LOGIN SUCCESS] User: مدير الكافيه (OP_MANAGER)
🔐 [LOGIN SUCCESS] User: كاشير (OP_ASSISTANT_CASHIER)
🔐 [LOGIN SUCCESS] User: ويتر الصالة (WAITER)
➕ [NEW ORDER] #66 - قهوة تركية (x2) [Table #5] Price: 0 EGP [Category: BARISTA]
💳 [CHECKOUT COMPLETE] Table #5 - Payments: [{"method":"CASH","amount":80}] [Tip: 10 EGP] 
💵 [HR ADVANCE LOGGED] ويتر الصالة - 20 EGP
➕ [NEW ORDER] #67 - لاتيه (x2) [Table #1] Price: 50 EGP [Category: BARISTA]
💳 [CHECKOUT COMPLETE] Table #1 - Payments: [{"method":"CASH","amount":200}] [Tip: 10 EGP] - Customer: 01012345678 (140 pts)
❌ [WebSocket] Client disconnected (Total clients: 4)
🔌 [WebSocket] Client connected from 127.0.0.1 (Total clients: 5)
❌ [WebSocket] Client disconnected (Total clients: 4)
🔌 [WebSocket] Client connected from 127.0.0.1 (Total clients: 5)
❌ [WebSocket] Client disconnected (Total clients: 4)
🔌 [WebSocket] Client connected from 127.0.0.1 (Total clients: 5)
❌ [WebSocket] Client disconnected (Total clients: 4)
❌ [WebSocket] Client disconnected (Total clients: 3)
❌ [WebSocket] Client disconnected (Total clients: 2)
🔌 [WebSocket] Client connected from 127.0.0.1 (Total clients: 3)
❌ [WebSocket] Client disconnected (Total clients: 2)
❌ [WebSocket] Client disconnected (Total clients: 1)
❌ [WebSocket] Client disconnected (Total clients: 0)
{"timestamp":"2026-08-28T16:31:15.038Z","level":"INFO","message":"Initializing Cafe System Database Migrations..."}
{"timestamp":"2026-08-28T16:31:15.139Z","level":"INFO","message":"Starting durable ESC/POS print outbox worker"}
node:events:497
      throw er; // Unhandled 'error' event
      ^

Error: listen EADDRINUSE: address already in use 0.0.0.0:3000
    at Server.setupListenHandle [as _listen2] (node:net:1941:16)
    at listenInCluster (node:net:1998:12)
    at node:net:2207:7
    at process.processTicksAndRejections (node:internal/process/task_queues:89:21)
Emitted 'error' event on WebSocketServer instance at:
    at Server.emit (node:events:519:28)
    at emitErrorNT (node:net:1977:8)
    at process.processTicksAndRejections (node:internal/process/task_queues:89:21) {
  code: 'EADDRINUSE',
  errno: -98,
  syscall: 'listen',
  address: '0.0.0.0',
  port: 3000
}

Node.js v22.23.2
